Archive member included because of file (symbol)

c:/program files (x86)/gnu tools arm embedded/4.8 2014q2/bin/../lib/gcc/arm-none-eabi/4.8.4/armv7e-m\libgcc.a(_arm_addsubdf3.o)
                              ..\obj\main.o (__aeabi_dsub)
c:/program files (x86)/gnu tools arm embedded/4.8 2014q2/bin/../lib/gcc/arm-none-eabi/4.8.4/armv7e-m\libgcc.a(_arm_muldivdf3.o)
                              ..\obj\main.o (__aeabi_dmul)
c:/program files (x86)/gnu tools arm embedded/4.8 2014q2/bin/../lib/gcc/arm-none-eabi/4.8.4/armv7e-m\libgcc.a(_arm_truncdfsf2.o)
                              ..\obj\main.o (__aeabi_d2f)
c:/program files (x86)/gnu tools arm embedded/4.8 2014q2/bin/../lib/gcc/arm-none-eabi/4.8.4/armv7e-m\libgcc.a(_arm_addsubsf3.o)
                              ..\obj\bsp.o (__aeabi_i2f)
c:/program files (x86)/gnu tools arm embedded/4.8 2014q2/bin/../lib/gcc/arm-none-eabi/4.8.4/armv7e-m\libgcc.a(_arm_muldivsf3.o)
                              ..\obj\main.o (__aeabi_fmul)
c:/program files (x86)/gnu tools arm embedded/4.8 2014q2/bin/../lib/gcc/arm-none-eabi/4.8.4/armv7e-m\libgcc.a(_arm_cmpsf2.o)
                              ..\obj\main.o (__aeabi_fcmplt)
c:/program files (x86)/gnu tools arm embedded/4.8 2014q2/bin/../lib/gcc/arm-none-eabi/4.8.4/armv7e-m\libgcc.a(_arm_fixunssfsi.o)
                              ..\obj\main.o (__aeabi_f2uiz)

Discarded input sections

 .text          0x00000000        0x0 ..\obj\stm32f4xx_syscfg.o
 .data          0x00000000        0x0 ..\obj\stm32f4xx_syscfg.o
 .bss           0x00000000        0x0 ..\obj\stm32f4xx_syscfg.o
 .text.SYSCFG_DeInit
                0x00000000       0x1c ..\obj\stm32f4xx_syscfg.o
 .text.SYSCFG_MemoryRemapConfig
                0x00000000       0x20 ..\obj\stm32f4xx_syscfg.o
 .text.SYSCFG_ETH_MediaInterfaceConfig
                0x00000000       0x1c ..\obj\stm32f4xx_syscfg.o
 .text.SYSCFG_CompensationCellCmd
                0x00000000       0x20 ..\obj\stm32f4xx_syscfg.o
 .text.SYSCFG_GetCompensationCellStatus
                0x00000000       0x34 ..\obj\stm32f4xx_syscfg.o
 .text          0x00000000        0x0 ..\obj\startup_stm32f4xx.o
 .data          0x00000000        0x0 ..\obj\startup_stm32f4xx.o
 .bss           0x00000000        0x0 ..\obj\startup_stm32f4xx.o
 .text          0x00000000        0x0 ..\obj\main.o
 .bss           0x00000000        0x0 ..\obj\main.o
 .text.pulsoLed
                0x00000000       0x28 ..\obj\main.o
 .text.Delay    0x00000000       0x20 ..\obj\main.o
 .text          0x00000000        0x0 ..\obj\stm32f4xx_rcc.o
 .data          0x00000000       0x10 ..\obj\stm32f4xx_rcc.o
 .bss           0x00000000        0x0 ..\obj\stm32f4xx_rcc.o
 .text.RCC_DeInit
                0x00000000       0x50 ..\obj\stm32f4xx_rcc.o
 .text.RCC_HSEConfig
                0x00000000       0x24 ..\obj\stm32f4xx_rcc.o
 .text.RCC_WaitForHSEStartUp
                0x00000000       0x50 ..\obj\stm32f4xx_rcc.o
 .text.RCC_AdjustHSICalibrationValue
                0x00000000       0x3c ..\obj\stm32f4xx_rcc.o
 .text.RCC_HSICmd
                0x00000000       0x20 ..\obj\stm32f4xx_rcc.o
 .text.RCC_LSEConfig
                0x00000000       0x40 ..\obj\stm32f4xx_rcc.o
 .text.RCC_LSICmd
                0x00000000       0x20 ..\obj\stm32f4xx_rcc.o
 .text.RCC_PLLConfig
                0x00000000       0x3c ..\obj\stm32f4xx_rcc.o
 .text.RCC_PLLCmd
                0x00000000       0x20 ..\obj\stm32f4xx_rcc.o
 .text.RCC_PLLI2SConfig
                0x00000000       0x28 ..\obj\stm32f4xx_rcc.o
 .text.RCC_PLLI2SCmd
                0x00000000       0x20 ..\obj\stm32f4xx_rcc.o
 .text.RCC_ClockSecuritySystemCmd
                0x00000000       0x20 ..\obj\stm32f4xx_rcc.o
 .text.RCC_MCO1Config
                0x00000000       0x3c ..\obj\stm32f4xx_rcc.o
 .text.RCC_MCO2Config
                0x00000000       0x3c ..\obj\stm32f4xx_rcc.o
 .text.RCC_SYSCLKConfig
                0x00000000       0x38 ..\obj\stm32f4xx_rcc.o
 .text.RCC_GetSYSCLKSource
                0x00000000       0x20 ..\obj\stm32f4xx_rcc.o
 .text.RCC_HCLKConfig
                0x00000000       0x38 ..\obj\stm32f4xx_rcc.o
 .text.RCC_PCLK1Config
                0x00000000       0x38 ..\obj\stm32f4xx_rcc.o
 .text.RCC_PCLK2Config
                0x00000000       0x38 ..\obj\stm32f4xx_rcc.o
 .text.RCC_GetClocksFreq
                0x00000000      0x154 ..\obj\stm32f4xx_rcc.o
 .text.RCC_RTCCLKConfig
                0x00000000       0x5c ..\obj\stm32f4xx_rcc.o
 .text.RCC_RTCCLKCmd
                0x00000000       0x20 ..\obj\stm32f4xx_rcc.o
 .text.RCC_BackupResetCmd
                0x00000000       0x20 ..\obj\stm32f4xx_rcc.o
 .text.RCC_I2SCLKConfig
                0x00000000       0x1c ..\obj\stm32f4xx_rcc.o
 .text.RCC_AHB2PeriphClockCmd
                0x00000000       0x3c ..\obj\stm32f4xx_rcc.o
 .text.RCC_AHB3PeriphClockCmd
                0x00000000       0x3c ..\obj\stm32f4xx_rcc.o
 .text.RCC_AHB1PeriphResetCmd
                0x00000000       0x3c ..\obj\stm32f4xx_rcc.o
 .text.RCC_AHB2PeriphResetCmd
                0x00000000       0x3c ..\obj\stm32f4xx_rcc.o
 .text.RCC_AHB3PeriphResetCmd
                0x00000000       0x3c ..\obj\stm32f4xx_rcc.o
 .text.RCC_APB1PeriphResetCmd
                0x00000000       0x3c ..\obj\stm32f4xx_rcc.o
 .text.RCC_APB2PeriphResetCmd
                0x00000000       0x3c ..\obj\stm32f4xx_rcc.o
 .text.RCC_AHB1PeriphClockLPModeCmd
                0x00000000       0x3c ..\obj\stm32f4xx_rcc.o
 .text.RCC_AHB2PeriphClockLPModeCmd
                0x00000000       0x3c ..\obj\stm32f4xx_rcc.o
 .text.RCC_AHB3PeriphClockLPModeCmd
                0x00000000       0x3c ..\obj\stm32f4xx_rcc.o
 .text.RCC_APB1PeriphClockLPModeCmd
                0x00000000       0x3c ..\obj\stm32f4xx_rcc.o
 .text.RCC_APB2PeriphClockLPModeCmd
                0x00000000       0x3c ..\obj\stm32f4xx_rcc.o
 .text.RCC_ITConfig
                0x00000000       0x48 ..\obj\stm32f4xx_rcc.o
 .text.RCC_GetFlagStatus
                0x00000000       0x74 ..\obj\stm32f4xx_rcc.o
 .text.RCC_ClearFlag
                0x00000000       0x1c ..\obj\stm32f4xx_rcc.o
 .text.RCC_GetITStatus
                0x00000000       0x38 ..\obj\stm32f4xx_rcc.o
 .text.RCC_ClearITPendingBit
                0x00000000       0x20 ..\obj\stm32f4xx_rcc.o
 .text          0x00000000        0x0 ..\obj\stm32f4xx_adc.o
 .data          0x00000000        0x0 ..\obj\stm32f4xx_adc.o
 .bss           0x00000000        0x0 ..\obj\stm32f4xx_adc.o
 .text.ADC_DeInit
                0x00000000       0x1c ..\obj\stm32f4xx_adc.o
 .text.ADC_AnalogWatchdogCmd
                0x00000000       0x38 ..\obj\stm32f4xx_adc.o
 .text.ADC_AnalogWatchdogThresholdsConfig
                0x00000000       0x28 ..\obj\stm32f4xx_adc.o
 .text.ADC_AnalogWatchdogSingleChannelConfig
                0x00000000       0x38 ..\obj\stm32f4xx_adc.o
 .text.ADC_TempSensorVrefintCmd
                0x00000000       0x38 ..\obj\stm32f4xx_adc.o
 .text.ADC_VBATCmd
                0x00000000       0x38 ..\obj\stm32f4xx_adc.o
 .text.ADC_GetSoftwareStartConvStatus
                0x00000000       0x30 ..\obj\stm32f4xx_adc.o
 .text.ADC_EOCOnEachRegularChannelCmd
                0x00000000       0x38 ..\obj\stm32f4xx_adc.o
 .text.ADC_ContinuousModeCmd
                0x00000000       0x38 ..\obj\stm32f4xx_adc.o
 .text.ADC_DiscModeChannelCountConfig
                0x00000000       0x44 ..\obj\stm32f4xx_adc.o
 .text.ADC_DiscModeCmd
                0x00000000       0x38 ..\obj\stm32f4xx_adc.o
 .text.ADC_GetMultiModeConversionValue
                0x00000000       0x18 ..\obj\stm32f4xx_adc.o
 .text.ADC_DMACmd
                0x00000000       0x38 ..\obj\stm32f4xx_adc.o
 .text.ADC_DMARequestAfterLastTransferCmd
                0x00000000       0x38 ..\obj\stm32f4xx_adc.o
 .text.ADC_MultiModeDMARequestAfterLastTransferCmd
                0x00000000       0x38 ..\obj\stm32f4xx_adc.o
 .text.ADC_InjectedChannelConfig
                0x00000000      0x114 ..\obj\stm32f4xx_adc.o
 .text.ADC_InjectedSequencerLengthConfig
                0x00000000       0x44 ..\obj\stm32f4xx_adc.o
 .text.ADC_SetInjectedOffset
                0x00000000       0x30 ..\obj\stm32f4xx_adc.o
 .text.ADC_ExternalTrigInjectedConvConfig
                0x00000000       0x34 ..\obj\stm32f4xx_adc.o
 .text.ADC_ExternalTrigInjectedConvEdgeConfig
                0x00000000       0x34 ..\obj\stm32f4xx_adc.o
 .text.ADC_SoftwareStartInjectedConv
                0x00000000       0x20 ..\obj\stm32f4xx_adc.o
 .text.ADC_GetSoftwareStartInjectedConvCmdStatus
                0x00000000       0x30 ..\obj\stm32f4xx_adc.o
 .text.ADC_AutoInjectedConvCmd
                0x00000000       0x38 ..\obj\stm32f4xx_adc.o
 .text.ADC_InjectedDiscModeCmd
                0x00000000       0x38 ..\obj\stm32f4xx_adc.o
 .text.ADC_GetInjectedConversionValue
                0x00000000       0x30 ..\obj\stm32f4xx_adc.o
 .text.ADC_ITConfig
                0x00000000       0x50 ..\obj\stm32f4xx_adc.o
 .text.ADC_ClearFlag
                0x00000000       0x20 ..\obj\stm32f4xx_adc.o
 .text.ADC_GetITStatus
                0x00000000       0x5c ..\obj\stm32f4xx_adc.o
 .text.ADC_ClearITPendingBit
                0x00000000       0x2c ..\obj\stm32f4xx_adc.o
 .text          0x00000000        0x0 ..\obj\stm32f4xx_gpio.o
 .data          0x00000000        0x0 ..\obj\stm32f4xx_gpio.o
 .bss           0x00000000        0x0 ..\obj\stm32f4xx_gpio.o
 .text.GPIO_DeInit
                0x00000000      0x120 ..\obj\stm32f4xx_gpio.o
 .text.GPIO_PinLockConfig
                0x00000000       0x44 ..\obj\stm32f4xx_gpio.o
 .text.GPIO_ReadInputDataBit
                0x00000000       0x34 ..\obj\stm32f4xx_gpio.o
 .text.GPIO_ReadInputData
                0x00000000       0x1c ..\obj\stm32f4xx_gpio.o
 .text.GPIO_ReadOutputDataBit
                0x00000000       0x34 ..\obj\stm32f4xx_gpio.o
 .text.GPIO_ReadOutputData
                0x00000000       0x1c ..\obj\stm32f4xx_gpio.o
 .text.GPIO_SetBits
                0x00000000       0x1c ..\obj\stm32f4xx_gpio.o
 .text.GPIO_ResetBits
                0x00000000       0x1c ..\obj\stm32f4xx_gpio.o
 .text.GPIO_WriteBit
                0x00000000       0x30 ..\obj\stm32f4xx_gpio.o
 .text.GPIO_Write
                0x00000000       0x1c ..\obj\stm32f4xx_gpio.o
 .text.GPIO_ToggleBits
                0x00000000       0x24 ..\obj\stm32f4xx_gpio.o
 .text          0x00000000        0x0 ..\obj\system_stm32f4xx.o
 .data          0x00000000       0x14 ..\obj\system_stm32f4xx.o
 .bss           0x00000000        0x0 ..\obj\system_stm32f4xx.o
 .text.SystemInit
                0x00000000       0x58 ..\obj\system_stm32f4xx.o
 .text.SystemCoreClockUpdate
                0x00000000       0xf8 ..\obj\system_stm32f4xx.o
 .text.SetSysClock
                0x00000000       0xf4 ..\obj\system_stm32f4xx.o
 .debug_info    0x00000000      0x592 ..\obj\system_stm32f4xx.o
 .debug_abbrev  0x00000000      0x136 ..\obj\system_stm32f4xx.o
 .debug_aranges
                0x00000000       0x30 ..\obj\system_stm32f4xx.o
 .debug_ranges  0x00000000       0x20 ..\obj\system_stm32f4xx.o
 .debug_line    0x00000000      0x236 ..\obj\system_stm32f4xx.o
 .debug_str     0x00000000      0x3ca ..\obj\system_stm32f4xx.o
 .comment       0x00000000       0x71 ..\obj\system_stm32f4xx.o
 .ARM.attributes
                0x00000000       0x33 ..\obj\system_stm32f4xx.o
 .debug_frame   0x00000000       0x64 ..\obj\system_stm32f4xx.o
 .text          0x00000000        0x0 ..\obj\syscalls.o
 .data          0x00000000        0x0 ..\obj\syscalls.o
 .bss           0x00000000        0x4 ..\obj\syscalls.o
 .text._sbrk    0x00000000       0x40 ..\obj\syscalls.o
 .text.link     0x00000000       0x1c ..\obj\syscalls.o
 .text._close   0x00000000       0x18 ..\obj\syscalls.o
 .text._fstat   0x00000000       0x20 ..\obj\syscalls.o
 .text._isatty  0x00000000       0x18 ..\obj\syscalls.o
 .text._lseek   0x00000000       0x1c ..\obj\syscalls.o
 .text._read    0x00000000       0x1c ..\obj\syscalls.o
 .text._write   0x00000000       0x1c ..\obj\syscalls.o
 .text.abort    0x00000000        0x8 ..\obj\syscalls.o
 .debug_info    0x00000000      0x3ee ..\obj\syscalls.o
 .debug_abbrev  0x00000000       0xe2 ..\obj\syscalls.o
 .debug_aranges
                0x00000000       0x60 ..\obj\syscalls.o
 .debug_ranges  0x00000000       0x50 ..\obj\syscalls.o
 .debug_line    0x00000000      0x198 ..\obj\syscalls.o
 .debug_str     0x00000000      0x30f ..\obj\syscalls.o
 .comment       0x00000000       0x71 ..\obj\syscalls.o
 .ARM.attributes
                0x00000000       0x33 ..\obj\syscalls.o
 .debug_frame   0x00000000      0x108 ..\obj\syscalls.o
 .text          0x00000000        0x0 ..\obj\stm32f4xx_spi.o
 .data          0x00000000        0x0 ..\obj\stm32f4xx_spi.o
 .bss           0x00000000        0x0 ..\obj\stm32f4xx_spi.o
 .text.SPI_I2S_DeInit
                0x00000000       0x74 ..\obj\stm32f4xx_spi.o
 .text.SPI_Init
                0x00000000       0x88 ..\obj\stm32f4xx_spi.o
 .text.I2S_Init
                0x00000000      0x1b0 ..\obj\stm32f4xx_spi.o
 .text.SPI_StructInit
                0x00000000       0x48 ..\obj\stm32f4xx_spi.o
 .text.I2S_StructInit
                0x00000000       0x38 ..\obj\stm32f4xx_spi.o
 .text.SPI_Cmd  0x00000000       0x40 ..\obj\stm32f4xx_spi.o
 .text.I2S_Cmd  0x00000000       0x40 ..\obj\stm32f4xx_spi.o
 .text.SPI_DataSizeConfig
                0x00000000       0x38 ..\obj\stm32f4xx_spi.o
 .text.SPI_BiDirectionalLineConfig
                0x00000000       0x40 ..\obj\stm32f4xx_spi.o
 .text.SPI_NSSInternalSoftwareConfig
                0x00000000       0x44 ..\obj\stm32f4xx_spi.o
 .text.SPI_SSOutputCmd
                0x00000000       0x40 ..\obj\stm32f4xx_spi.o
 .text.SPI_TIModeCmd
                0x00000000       0x40 ..\obj\stm32f4xx_spi.o
 .text.I2S_FullDuplexConfig
                0x00000000       0x9c ..\obj\stm32f4xx_spi.o
 .text.SPI_I2S_ReceiveData
                0x00000000       0x1c ..\obj\stm32f4xx_spi.o
 .text.SPI_I2S_SendData
                0x00000000       0x1c ..\obj\stm32f4xx_spi.o
 .text.SPI_CalculateCRC
                0x00000000       0x40 ..\obj\stm32f4xx_spi.o
 .text.SPI_TransmitCRC
                0x00000000       0x24 ..\obj\stm32f4xx_spi.o
 .text.SPI_GetCRC
                0x00000000       0x34 ..\obj\stm32f4xx_spi.o
 .text.SPI_GetCRCPolynomial
                0x00000000       0x1c ..\obj\stm32f4xx_spi.o
 .text.SPI_I2S_DMACmd
                0x00000000       0x48 ..\obj\stm32f4xx_spi.o
 .text.SPI_I2S_ITConfig
                0x00000000       0x60 ..\obj\stm32f4xx_spi.o
 .text.SPI_I2S_GetFlagStatus
                0x00000000       0x38 ..\obj\stm32f4xx_spi.o
 .text.SPI_I2S_ClearFlag
                0x00000000       0x20 ..\obj\stm32f4xx_spi.o
 .text.SPI_I2S_GetITStatus
                0x00000000       0x78 ..\obj\stm32f4xx_spi.o
 .text.SPI_I2S_ClearITPendingBit
                0x00000000       0x34 ..\obj\stm32f4xx_spi.o
 .debug_info    0x00000000      0xb07 ..\obj\stm32f4xx_spi.o
 .debug_abbrev  0x00000000      0x167 ..\obj\stm32f4xx_spi.o
 .debug_aranges
                0x00000000       0xe0 ..\obj\stm32f4xx_spi.o
 .debug_ranges  0x00000000       0xd0 ..\obj\stm32f4xx_spi.o
 .debug_line    0x00000000      0x4e1 ..\obj\stm32f4xx_spi.o
 .debug_str     0x00000000      0x6aa ..\obj\stm32f4xx_spi.o
 .comment       0x00000000       0x71 ..\obj\stm32f4xx_spi.o
 .ARM.attributes
                0x00000000       0x33 ..\obj\stm32f4xx_spi.o
 .debug_frame   0x00000000      0x2d0 ..\obj\stm32f4xx_spi.o
 .text          0x00000000        0x0 ..\obj\bsp.o
 .data          0x00000000        0xc ..\obj\bsp.o
 .text.led_on   0x00000000       0x30 ..\obj\bsp.o
 .text.led_off  0x00000000       0x30 ..\obj\bsp.o
 .text.led_toggle
                0x00000000       0x30 ..\obj\bsp.o
 .text.sw_getState
                0x00000000       0x18 ..\obj\bsp.o
 .text.bsp_led_init
                0x00000000       0x38 ..\obj\bsp.o
 .text          0x00000000        0x0 ..\obj\stm32f4xx_exti.o
 .data          0x00000000        0x0 ..\obj\stm32f4xx_exti.o
 .bss           0x00000000        0x0 ..\obj\stm32f4xx_exti.o
 .text.EXTI_DeInit
                0x00000000       0x34 ..\obj\stm32f4xx_exti.o
 .text.EXTI_StructInit
                0x00000000       0x2c ..\obj\stm32f4xx_exti.o
 .text.EXTI_GenerateSWInterrupt
                0x00000000       0x24 ..\obj\stm32f4xx_exti.o
 .text.EXTI_GetFlagStatus
                0x00000000       0x34 ..\obj\stm32f4xx_exti.o
 .text.EXTI_ClearITPendingBit
                0x00000000       0x1c ..\obj\stm32f4xx_exti.o
 .text          0x00000000        0x0 ..\obj\misc.o
 .data          0x00000000        0x0 ..\obj\misc.o
 .bss           0x00000000        0x0 ..\obj\misc.o
 .text.NVIC_PriorityGroupConfig
                0x00000000       0x24 ..\obj\misc.o
 .text.NVIC_SetVectorTable
                0x00000000       0x2c ..\obj\misc.o
 .text.NVIC_SystemLPConfig
                0x00000000       0x40 ..\obj\misc.o
 .text.SysTick_CLKSourceConfig
                0x00000000       0x38 ..\obj\misc.o
 .text          0x00000000        0x0 ..\obj\stm32f4xx_tim.o
 .data          0x00000000        0x0 ..\obj\stm32f4xx_tim.o
 .bss           0x00000000        0x0 ..\obj\stm32f4xx_tim.o
 .text.TIM_DeInit
                0x00000000      0x1bc ..\obj\stm32f4xx_tim.o
 .text.TIM_TimeBaseStructInit
                0x00000000       0x34 ..\obj\stm32f4xx_tim.o
 .text.TIM_PrescalerConfig
                0x00000000       0x28 ..\obj\stm32f4xx_tim.o
 .text.TIM_CounterModeConfig
                0x00000000       0x38 ..\obj\stm32f4xx_tim.o
 .text.TIM_SetCounter
                0x00000000       0x1c ..\obj\stm32f4xx_tim.o
 .text.TIM_SetAutoreload
                0x00000000       0x1c ..\obj\stm32f4xx_tim.o
 .text.TIM_GetCounter
                0x00000000       0x18 ..\obj\stm32f4xx_tim.o
 .text.TIM_GetPrescaler
                0x00000000       0x1c ..\obj\stm32f4xx_tim.o
 .text.TIM_UpdateDisableConfig
                0x00000000       0x40 ..\obj\stm32f4xx_tim.o
 .text.TIM_UpdateRequestConfig
                0x00000000       0x40 ..\obj\stm32f4xx_tim.o
 .text.TIM_SelectOnePulseMode
                0x00000000       0x38 ..\obj\stm32f4xx_tim.o
 .text.TIM_SetClockDivision
                0x00000000       0x38 ..\obj\stm32f4xx_tim.o
 .text.TIM_OC2Init
                0x00000000      0x110 ..\obj\stm32f4xx_tim.o
 .text.TIM_OCStructInit
                0x00000000       0x44 ..\obj\stm32f4xx_tim.o
 .text.TIM_SelectOCxM
                0x00000000       0xac ..\obj\stm32f4xx_tim.o
 .text.TIM_SetCompare1
                0x00000000       0x1c ..\obj\stm32f4xx_tim.o
 .text.TIM_SetCompare2
                0x00000000       0x1c ..\obj\stm32f4xx_tim.o
 .text.TIM_SetCompare3
                0x00000000       0x1c ..\obj\stm32f4xx_tim.o
 .text.TIM_SetCompare4
                0x00000000       0x1c ..\obj\stm32f4xx_tim.o
 .text.TIM_ForcedOC1Config
                0x00000000       0x38 ..\obj\stm32f4xx_tim.o
 .text.TIM_ForcedOC2Config
                0x00000000       0x3c ..\obj\stm32f4xx_tim.o
 .text.TIM_ForcedOC3Config
                0x00000000       0x38 ..\obj\stm32f4xx_tim.o
 .text.TIM_ForcedOC4Config
                0x00000000       0x3c ..\obj\stm32f4xx_tim.o
 .text.TIM_OC2PreloadConfig
                0x00000000       0x3c ..\obj\stm32f4xx_tim.o
 .text.TIM_OC1FastConfig
                0x00000000       0x38 ..\obj\stm32f4xx_tim.o
 .text.TIM_OC2FastConfig
                0x00000000       0x3c ..\obj\stm32f4xx_tim.o
 .text.TIM_OC3FastConfig
                0x00000000       0x38 ..\obj\stm32f4xx_tim.o
 .text.TIM_OC4FastConfig
                0x00000000       0x3c ..\obj\stm32f4xx_tim.o
 .text.TIM_ClearOC1Ref
                0x00000000       0x38 ..\obj\stm32f4xx_tim.o
 .text.TIM_ClearOC2Ref
                0x00000000       0x3c ..\obj\stm32f4xx_tim.o
 .text.TIM_ClearOC3Ref
                0x00000000       0x38 ..\obj\stm32f4xx_tim.o
 .text.TIM_ClearOC4Ref
                0x00000000       0x3c ..\obj\stm32f4xx_tim.o
 .text.TIM_OC1PolarityConfig
                0x00000000       0x38 ..\obj\stm32f4xx_tim.o
 .text.TIM_OC1NPolarityConfig
                0x00000000       0x38 ..\obj\stm32f4xx_tim.o
 .text.TIM_OC2PolarityConfig
                0x00000000       0x3c ..\obj\stm32f4xx_tim.o
 .text.TIM_OC2NPolarityConfig
                0x00000000       0x3c ..\obj\stm32f4xx_tim.o
 .text.TIM_OC3PolarityConfig
                0x00000000       0x3c ..\obj\stm32f4xx_tim.o
 .text.TIM_OC3NPolarityConfig
                0x00000000       0x3c ..\obj\stm32f4xx_tim.o
 .text.TIM_OC4PolarityConfig
                0x00000000       0x3c ..\obj\stm32f4xx_tim.o
 .text.TIM_CCxCmd
                0x00000000       0x54 ..\obj\stm32f4xx_tim.o
 .text.TIM_CCxNCmd
                0x00000000       0x54 ..\obj\stm32f4xx_tim.o
 .text.TIM_ICInit
                0x00000000       0xa8 ..\obj\stm32f4xx_tim.o
 .text.TIM_ICStructInit
                0x00000000       0x30 ..\obj\stm32f4xx_tim.o
 .text.TIM_PWMIConfig
                0x00000000       0xb8 ..\obj\stm32f4xx_tim.o
 .text.TIM_GetCapture1
                0x00000000       0x18 ..\obj\stm32f4xx_tim.o
 .text.TIM_GetCapture2
                0x00000000       0x18 ..\obj\stm32f4xx_tim.o
 .text.TIM_GetCapture3
                0x00000000       0x18 ..\obj\stm32f4xx_tim.o
 .text.TIM_GetCapture4
                0x00000000       0x18 ..\obj\stm32f4xx_tim.o
 .text.TIM_SetIC1Prescaler
                0x00000000       0x38 ..\obj\stm32f4xx_tim.o
 .text.TIM_SetIC2Prescaler
                0x00000000       0x3c ..\obj\stm32f4xx_tim.o
 .text.TIM_SetIC3Prescaler
                0x00000000       0x38 ..\obj\stm32f4xx_tim.o
 .text.TIM_SetIC4Prescaler
                0x00000000       0x3c ..\obj\stm32f4xx_tim.o
 .text.TIM_BDTRConfig
                0x00000000       0x50 ..\obj\stm32f4xx_tim.o
 .text.TIM_BDTRStructInit
                0x00000000       0x3c ..\obj\stm32f4xx_tim.o
 .text.TIM_CtrlPWMOutputs
                0x00000000       0x4c ..\obj\stm32f4xx_tim.o
 .text.TIM_SelectCOM
                0x00000000       0x40 ..\obj\stm32f4xx_tim.o
 .text.TIM_CCPreloadControl
                0x00000000       0x40 ..\obj\stm32f4xx_tim.o
 .text.TIM_GenerateEvent
                0x00000000       0x1c ..\obj\stm32f4xx_tim.o
 .text.TIM_GetFlagStatus
                0x00000000       0x38 ..\obj\stm32f4xx_tim.o
 .text.TIM_ClearFlag
                0x00000000       0x20 ..\obj\stm32f4xx_tim.o
 .text.TIM_DMAConfig
                0x00000000       0x28 ..\obj\stm32f4xx_tim.o
 .text.TIM_DMACmd
                0x00000000       0x48 ..\obj\stm32f4xx_tim.o
 .text.TIM_SelectCCDMA
                0x00000000       0x40 ..\obj\stm32f4xx_tim.o
 .text.TIM_InternalClockConfig
                0x00000000       0x24 ..\obj\stm32f4xx_tim.o
 .text.TIM_ITRxExternalClockConfig
                0x00000000       0x2c ..\obj\stm32f4xx_tim.o
 .text.TIM_TIxExternalClockConfig
                0x00000000       0x54 ..\obj\stm32f4xx_tim.o
 .text.TIM_ETRClockMode1Config
                0x00000000       0x50 ..\obj\stm32f4xx_tim.o
 .text.TIM_ETRClockMode2Config
                0x00000000       0x30 ..\obj\stm32f4xx_tim.o
 .text.TIM_SelectInputTrigger
                0x00000000       0x38 ..\obj\stm32f4xx_tim.o
 .text.TIM_SelectOutputTrigger
                0x00000000       0x38 ..\obj\stm32f4xx_tim.o
 .text.TIM_SelectSlaveMode
                0x00000000       0x38 ..\obj\stm32f4xx_tim.o
 .text.TIM_SelectMasterSlaveMode
                0x00000000       0x38 ..\obj\stm32f4xx_tim.o
 .text.TIM_ETRConfig
                0x00000000       0x48 ..\obj\stm32f4xx_tim.o
 .text.TIM_EncoderInterfaceConfig
                0x00000000       0x8c ..\obj\stm32f4xx_tim.o
 .text.TIM_SelectHallSensor
                0x00000000       0x40 ..\obj\stm32f4xx_tim.o
 .text.TIM_RemapConfig
                0x00000000       0x20 ..\obj\stm32f4xx_tim.o
 .text.TI1_Config
                0x00000000       0x78 ..\obj\stm32f4xx_tim.o
 .text.TI2_Config
                0x00000000       0x8c ..\obj\stm32f4xx_tim.o
 .text.TI3_Config
                0x00000000       0x84 ..\obj\stm32f4xx_tim.o
 .text.TI4_Config
                0x00000000       0x90 ..\obj\stm32f4xx_tim.o
 .data          0x00000000        0x0 c:/program files (x86)/gnu tools arm embedded/4.8 2014q2/bin/../lib/gcc/arm-none-eabi/4.8.4/armv7e-m\libgcc.a(_arm_addsubdf3.o)
 .bss           0x00000000        0x0 c:/program files (x86)/gnu tools arm embedded/4.8 2014q2/bin/../lib/gcc/arm-none-eabi/4.8.4/armv7e-m\libgcc.a(_arm_addsubdf3.o)
 .data          0x00000000        0x0 c:/program files (x86)/gnu tools arm embedded/4.8 2014q2/bin/../lib/gcc/arm-none-eabi/4.8.4/armv7e-m\libgcc.a(_arm_muldivdf3.o)
 .bss           0x00000000        0x0 c:/program files (x86)/gnu tools arm embedded/4.8 2014q2/bin/../lib/gcc/arm-none-eabi/4.8.4/armv7e-m\libgcc.a(_arm_muldivdf3.o)
 .data          0x00000000        0x0 c:/program files (x86)/gnu tools arm embedded/4.8 2014q2/bin/../lib/gcc/arm-none-eabi/4.8.4/armv7e-m\libgcc.a(_arm_truncdfsf2.o)
 .bss           0x00000000        0x0 c:/program files (x86)/gnu tools arm embedded/4.8 2014q2/bin/../lib/gcc/arm-none-eabi/4.8.4/armv7e-m\libgcc.a(_arm_truncdfsf2.o)
 .data          0x00000000        0x0 c:/program files (x86)/gnu tools arm embedded/4.8 2014q2/bin/../lib/gcc/arm-none-eabi/4.8.4/armv7e-m\libgcc.a(_arm_addsubsf3.o)
 .bss           0x00000000        0x0 c:/program files (x86)/gnu tools arm embedded/4.8 2014q2/bin/../lib/gcc/arm-none-eabi/4.8.4/armv7e-m\libgcc.a(_arm_addsubsf3.o)
 .data          0x00000000        0x0 c:/program files (x86)/gnu tools arm embedded/4.8 2014q2/bin/../lib/gcc/arm-none-eabi/4.8.4/armv7e-m\libgcc.a(_arm_muldivsf3.o)
 .bss           0x00000000        0x0 c:/program files (x86)/gnu tools arm embedded/4.8 2014q2/bin/../lib/gcc/arm-none-eabi/4.8.4/armv7e-m\libgcc.a(_arm_muldivsf3.o)
 .data          0x00000000        0x0 c:/program files (x86)/gnu tools arm embedded/4.8 2014q2/bin/../lib/gcc/arm-none-eabi/4.8.4/armv7e-m\libgcc.a(_arm_cmpsf2.o)
 .bss           0x00000000        0x0 c:/program files (x86)/gnu tools arm embedded/4.8 2014q2/bin/../lib/gcc/arm-none-eabi/4.8.4/armv7e-m\libgcc.a(_arm_cmpsf2.o)
 .data          0x00000000        0x0 c:/program files (x86)/gnu tools arm embedded/4.8 2014q2/bin/../lib/gcc/arm-none-eabi/4.8.4/armv7e-m\libgcc.a(_arm_fixunssfsi.o)
 .bss           0x00000000        0x0 c:/program files (x86)/gnu tools arm embedded/4.8 2014q2/bin/../lib/gcc/arm-none-eabi/4.8.4/armv7e-m\libgcc.a(_arm_fixunssfsi.o)

Memory Configuration

Name             Origin             Length             Attributes
rom              0x08000000         0x00040000         xr
ram              0x20000000         0x00010000         xrw
*default*        0x00000000         0xffffffff

Linker script and memory map

                0x20010000                _eram = 0x20010000

.text           0x08000000     0x2528
 *(.isr_vector)
 .isr_vector    0x08000000      0x188 ..\obj\startup_stm32f4xx.o
                0x08000000                g_pfnVectors
 *(.text*)
 .text.SYSCFG_EXTILineConfig
                0x08000188       0x7c ..\obj\stm32f4xx_syscfg.o
                0x08000188                SYSCFG_EXTILineConfig
 .text.Default_Reset_Handler
                0x08000204       0x5c ..\obj\startup_stm32f4xx.o
                0x08000204                Default_Reset_Handler
                0x08000204                Reset_Handler
 .text.Default_Handler
                0x08000260        0x8 ..\obj\startup_stm32f4xx.o
                0x08000260                RTC_Alarm_IRQHandler
                0x08000260                HASH_RNG_IRQHandler
                0x08000260                EXTI2_IRQHandler
                0x08000260                TIM8_CC_IRQHandler
                0x08000260                DebugMon_Handler
                0x08000260                TIM1_CC_IRQHandler
                0x08000260                DMA2_Stream5_IRQHandler
                0x08000260                HardFault_Handler
                0x08000260                DMA1_Stream5_IRQHandler
                0x08000260                SysTick_Handler
                0x08000260                PVD_IRQHandler
                0x08000260                SDIO_IRQHandler
                0x08000260                TAMP_STAMP_IRQHandler
                0x08000260                PendSV_Handler
                0x08000260                NMI_Handler
                0x08000260                CAN2_RX1_IRQHandler
                0x08000260                EXTI3_IRQHandler
                0x08000260                TIM8_TRG_COM_TIM14_IRQHandler
                0x08000260                TIM1_UP_TIM10_IRQHandler
                0x08000260                TIM8_UP_TIM13_IRQHandler
                0x08000260                I2C3_ER_IRQHandler
                0x08000260                I2C2_EV_IRQHandler
                0x08000260                DMA1_Stream2_IRQHandler
                0x08000260                CAN1_RX0_IRQHandler
                0x08000260                FPU_IRQHandler
                0x08000260                OTG_HS_WKUP_IRQHandler
                0x08000260                UsageFault_Handler
                0x08000260                CAN2_SCE_IRQHandler
                0x08000260                DMA2_Stream2_IRQHandler
                0x08000260                SPI1_IRQHandler
                0x08000260                TIM6_DAC_IRQHandler
                0x08000260                TIM1_BRK_TIM9_IRQHandler
                0x08000260                DCMI_IRQHandler
                0x08000260                CAN2_RX0_IRQHandler
                0x08000260                DMA2_Stream3_IRQHandler
                0x08000260                USART6_IRQHandler
                0x08000260                USART3_IRQHandler
                0x08000260                CRYP_IRQHandler
                0x08000260                CAN1_RX1_IRQHandler
                0x08000260                UART5_IRQHandler
                0x08000260                DMA2_Stream0_IRQHandler
                0x08000260                TIM4_IRQHandler
                0x08000260                I2C1_EV_IRQHandler
                0x08000260                DMA1_Stream6_IRQHandler
                0x08000260                DMA1_Stream1_IRQHandler
                0x08000260                UART4_IRQHandler
                0x08000260                TIM3_IRQHandler
                0x08000260                RCC_IRQHandler
                0x08000260                TIM8_BRK_TIM12_IRQHandler
                0x08000260                EXTI15_10_IRQHandler
                0x08000260                ADC_IRQHandler
                0x08000260                DMA1_Stream7_IRQHandler
                0x08000260                TIM7_IRQHandler
                0x08000260                CAN2_TX_IRQHandler
                0x08000260                TIM5_IRQHandler
                0x08000260                DMA2_Stream7_IRQHandler
                0x08000260                I2C3_EV_IRQHandler
                0x08000260                EXTI9_5_IRQHandler
                0x08000260                RTC_WKUP_IRQHandler
                0x08000260                ETH_WKUP_IRQHandler
                0x08000260                SPI2_IRQHandler
                0x08000260                OTG_HS_EP1_IN_IRQHandler
                0x08000260                MemManage_Handler
                0x08000260                DMA1_Stream0_IRQHandler
                0x08000260                CAN1_TX_IRQHandler
                0x08000260                SVC_Handler
                0x08000260                EXTI4_IRQHandler
                0x08000260                FSMC_IRQHandler
                0x08000260                ETH_IRQHandler
                0x08000260                OTG_HS_EP1_OUT_IRQHandler
                0x08000260                WWDG_IRQHandler
                0x08000260                OTG_FS_WKUP_IRQHandler
                0x08000260                TIM1_TRG_COM_TIM11_IRQHandler
                0x08000260                OTG_HS_IRQHandler
                0x08000260                EXTI1_IRQHandler
                0x08000260                USART2_IRQHandler
                0x08000260                I2C2_ER_IRQHandler
                0x08000260                DMA2_Stream1_IRQHandler
                0x08000260                CAN1_SCE_IRQHandler
                0x08000260                FLASH_IRQHandler
                0x08000260                DMA2_Stream4_IRQHandler
                0x08000260                BusFault_Handler
                0x08000260                USART1_IRQHandler
                0x08000260                OTG_FS_IRQHandler
                0x08000260                SPI3_IRQHandler
                0x08000260                DMA1_Stream4_IRQHandler
                0x08000260                I2C1_ER_IRQHandler
                0x08000260                DMA2_Stream6_IRQHandler
                0x08000260                DMA1_Stream3_IRQHandler
 .text.main     0x08000268      0x320 ..\obj\main.o
                0x08000268                main
 .text.APP_ISR_sw
                0x08000588        0xc ..\obj\main.o
                0x08000588                APP_ISR_sw
 .text.APP_ISR_1ms
                0x08000594       0x2c ..\obj\main.o
                0x08000594                APP_ISR_1ms
 .text.RCC_AHB1PeriphClockCmd
                0x080005c0       0x3c ..\obj\stm32f4xx_rcc.o
                0x080005c0                RCC_AHB1PeriphClockCmd
 .text.RCC_APB1PeriphClockCmd
                0x080005fc       0x3c ..\obj\stm32f4xx_rcc.o
                0x080005fc                RCC_APB1PeriphClockCmd
 .text.RCC_APB2PeriphClockCmd
                0x08000638       0x3c ..\obj\stm32f4xx_rcc.o
                0x08000638                RCC_APB2PeriphClockCmd
 .text.ADC_Init
                0x08000674       0xa8 ..\obj\stm32f4xx_adc.o
                0x08000674                ADC_Init
 .text.ADC_StructInit
                0x0800071c       0x3c ..\obj\stm32f4xx_adc.o
                0x0800071c                ADC_StructInit
 .text.ADC_CommonInit
                0x08000758       0x50 ..\obj\stm32f4xx_adc.o
                0x08000758                ADC_CommonInit
 .text.ADC_CommonStructInit
                0x080007a8       0x2c ..\obj\stm32f4xx_adc.o
                0x080007a8                ADC_CommonStructInit
 .text.ADC_Cmd  0x080007d4       0x38 ..\obj\stm32f4xx_adc.o
                0x080007d4                ADC_Cmd
 .text.ADC_RegularChannelConfig
                0x0800080c      0x188 ..\obj\stm32f4xx_adc.o
                0x0800080c                ADC_RegularChannelConfig
 .text.ADC_SoftwareStartConv
                0x08000994       0x20 ..\obj\stm32f4xx_adc.o
                0x08000994                ADC_SoftwareStartConv
 .text.ADC_GetConversionValue
                0x080009b4       0x1c ..\obj\stm32f4xx_adc.o
                0x080009b4                ADC_GetConversionValue
 .text.ADC_GetFlagStatus
                0x080009d0       0x34 ..\obj\stm32f4xx_adc.o
                0x080009d0                ADC_GetFlagStatus
 .text.GPIO_Init
                0x08000a04      0x11c ..\obj\stm32f4xx_gpio.o
                0x08000a04                GPIO_Init
 .text.GPIO_StructInit
                0x08000b20       0x34 ..\obj\stm32f4xx_gpio.o
                0x08000b20                GPIO_StructInit
 .text.GPIO_PinAFConfig
                0x08000b54       0x8c ..\obj\stm32f4xx_gpio.o
                0x08000b54                GPIO_PinAFConfig
 .text.led_set_bright
                0x08000be0       0x40 ..\obj\bsp.o
                0x08000be0                led_set_bright
 .text.bsp_delay_ms
                0x08000c20       0x2c ..\obj\bsp.o
                0x08000c20                bsp_delay_ms
 .text.adc      0x08000c4c       0x30 ..\obj\bsp.o
                0x08000c4c                adc
 .text.EXTI0_IRQHandler
                0x08000c7c       0x1c ..\obj\bsp.o
                0x08000c7c                EXTI0_IRQHandler
 .text.TIM2_IRQHandler
                0x08000c98       0x40 ..\obj\bsp.o
                0x08000c98                TIM2_IRQHandler
 .text.bsp_init
                0x08000cd8       0x18 ..\obj\bsp.o
                0x08000cd8                bsp_init
 .text.bsp_sw_init
                0x08000cf0       0x74 ..\obj\bsp.o
                0x08000cf0                bsp_sw_init
 .text.bsp_timer_init
                0x08000d64       0x60 ..\obj\bsp.o
                0x08000d64                bsp_timer_init
 .text.bsp_pwm_init
                0x08000dc4       0xe8 ..\obj\bsp.o
                0x08000dc4                bsp_pwm_init
 .text.bsp_adc_init
                0x08000eac       0x90 ..\obj\bsp.o
                0x08000eac                bsp_adc_init
 .text.read_adc
                0x08000f3c       0x38 ..\obj\bsp.o
                0x08000f3c                read_adc
 .text.EXTI_Init
                0x08000f74       0xdc ..\obj\stm32f4xx_exti.o
                0x08000f74                EXTI_Init
 .text.EXTI_ClearFlag
                0x08001050       0x1c ..\obj\stm32f4xx_exti.o
                0x08001050                EXTI_ClearFlag
 .text.EXTI_GetITStatus
                0x0800106c       0x48 ..\obj\stm32f4xx_exti.o
                0x0800106c                EXTI_GetITStatus
 .text.NVIC_Init
                0x080010b4       0xbc ..\obj\misc.o
                0x080010b4                NVIC_Init
 .text.TIM_TimeBaseInit
                0x08001170       0xd4 ..\obj\stm32f4xx_tim.o
                0x08001170                TIM_TimeBaseInit
 .text.TIM_ARRPreloadConfig
                0x08001244       0x40 ..\obj\stm32f4xx_tim.o
                0x08001244                TIM_ARRPreloadConfig
 .text.TIM_Cmd  0x08001284       0x40 ..\obj\stm32f4xx_tim.o
                0x08001284                TIM_Cmd
 .text.TIM_OC1Init
                0x080012c4       0xf4 ..\obj\stm32f4xx_tim.o
                0x080012c4                TIM_OC1Init
 .text.TIM_OC3Init
                0x080013b8      0x10c ..\obj\stm32f4xx_tim.o
                0x080013b8                TIM_OC3Init
 .text.TIM_OC4Init
                0x080014c4       0xcc ..\obj\stm32f4xx_tim.o
                0x080014c4                TIM_OC4Init
 .text.TIM_OC1PreloadConfig
                0x08001590       0x38 ..\obj\stm32f4xx_tim.o
                0x08001590                TIM_OC1PreloadConfig
 .text.TIM_OC3PreloadConfig
                0x080015c8       0x38 ..\obj\stm32f4xx_tim.o
                0x080015c8                TIM_OC3PreloadConfig
 .text.TIM_OC4PreloadConfig
                0x08001600       0x3c ..\obj\stm32f4xx_tim.o
                0x08001600                TIM_OC4PreloadConfig
 .text.TIM_ITConfig
                0x0800163c       0x48 ..\obj\stm32f4xx_tim.o
                0x0800163c                TIM_ITConfig
 .text.TIM_GetITStatus
                0x08001684       0x54 ..\obj\stm32f4xx_tim.o
                0x08001684                TIM_GetITStatus
 .text.TIM_ClearITPendingBit
                0x080016d8       0x20 ..\obj\stm32f4xx_tim.o
                0x080016d8                TIM_ClearITPendingBit
 .text          0x080016f8      0x370 c:/program files (x86)/gnu tools arm embedded/4.8 2014q2/bin/../lib/gcc/arm-none-eabi/4.8.4/armv7e-m\libgcc.a(_arm_addsubdf3.o)
                0x080016f8                __aeabi_drsub
                0x08001700                __aeabi_dsub
                0x08001700                __subdf3
                0x08001704                __aeabi_dadd
                0x08001704                __adddf3
                0x0800197c                __floatunsidf
                0x0800197c                __aeabi_ui2d
                0x0800199c                __floatsidf
                0x0800199c                __aeabi_i2d
                0x080019c0                __aeabi_f2d
                0x080019c0                __extendsfdf2
                0x080019fc                __floatundidf
                0x080019fc                __aeabi_ul2d
                0x08001a0c                __floatdidf
                0x08001a0c                __aeabi_l2d
 .text          0x08001a68      0x424 c:/program files (x86)/gnu tools arm embedded/4.8 2014q2/bin/../lib/gcc/arm-none-eabi/4.8.4/armv7e-m\libgcc.a(_arm_muldivdf3.o)
                0x08001a68                __aeabi_dmul
                0x08001a68                __muldf3
                0x08001cbc                __divdf3
                0x08001cbc                __aeabi_ddiv
 .text          0x08001e8c       0xa0 c:/program files (x86)/gnu tools arm embedded/4.8 2014q2/bin/../lib/gcc/arm-none-eabi/4.8.4/armv7e-m\libgcc.a(_arm_truncdfsf2.o)
                0x08001e8c                __truncdfsf2
                0x08001e8c                __aeabi_d2f
 .text          0x08001f2c      0x21c c:/program files (x86)/gnu tools arm embedded/4.8 2014q2/bin/../lib/gcc/arm-none-eabi/4.8.4/armv7e-m\libgcc.a(_arm_addsubsf3.o)
                0x08001f2c                __aeabi_frsub
                0x08001f34                __subsf3
                0x08001f34                __aeabi_fsub
                0x08001f38                __aeabi_fadd
                0x08001f38                __addsf3
                0x08002098                __aeabi_ui2f
                0x08002098                __floatunsisf
                0x080020a0                __aeabi_i2f
                0x080020a0                __floatsisf
                0x080020bc                __aeabi_ul2f
                0x080020bc                __floatundisf
                0x080020cc                __aeabi_l2f
                0x080020cc                __floatdisf
 .text          0x08002148      0x2a0 c:/program files (x86)/gnu tools arm embedded/4.8 2014q2/bin/../lib/gcc/arm-none-eabi/4.8.4/armv7e-m\libgcc.a(_arm_muldivsf3.o)
                0x08002148                __mulsf3
                0x08002148                __aeabi_fmul
                0x080022b0                __aeabi_fdiv
                0x080022b0                __divsf3
 .text          0x080023e8       0xec c:/program files (x86)/gnu tools arm embedded/4.8 2014q2/bin/../lib/gcc/arm-none-eabi/4.8.4/armv7e-m\libgcc.a(_arm_cmpsf2.o)
                0x080023e8                __gesf2
                0x080023e8                __gtsf2
                0x080023f0                __lesf2
                0x080023f0                __ltsf2
                0x080023f8                __nesf2
                0x080023f8                __eqsf2
                0x080023f8                __cmpsf2
                0x08002458                __aeabi_cfrcmple
                0x08002460                __aeabi_cfcmpeq
                0x08002460                __aeabi_cfcmple
                0x08002470                __aeabi_fcmpeq
                0x08002484                __aeabi_fcmplt
                0x08002498                __aeabi_fcmple
                0x080024ac                __aeabi_fcmpge
                0x080024c0                __aeabi_fcmpgt
 .text          0x080024d4       0x40 c:/program files (x86)/gnu tools arm embedded/4.8 2014q2/bin/../lib/gcc/arm-none-eabi/4.8.4/armv7e-m\libgcc.a(_arm_fixunssfsi.o)
                0x080024d4                __fixunssfsi
                0x080024d4                __aeabi_f2uiz
 *(.init)
 *(.fini)
 *crtbegin.o(.ctors)
 *crtbegin?.o(.ctors)
 *(EXCLUDE_FILE(*crtend.o *crtend?.o) .ctors)
 *(SORT(.ctors.*))
 *(.ctors)
 *crtbegin.o(.dtors)
 *crtbegin?.o(.dtors)
 *(EXCLUDE_FILE(*crtend.o *crtend?.o) .dtors)
 *(SORT(.dtors.*))
 *(.dtors)
 *(.rodata*)
 .rodata        0x08002514       0x14 ..\obj\bsp.o
                0x08002514                leds
                0x0800251c                leds_pwm
 *(.eh_fram e*)

.glue_7         0x08002528        0x0
 .glue_7        0x00000000        0x0 linker stubs

.glue_7t        0x08002528        0x0
 .glue_7t       0x00000000        0x0 linker stubs

.vfp11_veneer   0x08002528        0x0
 .vfp11_veneer  0x00000000        0x0 linker stubs

.v4_bx          0x08002528        0x0
 .v4_bx         0x00000000        0x0 linker stubs

.iplt           0x08002528        0x0
 .iplt          0x00000000        0x0 ..\obj\stm32f4xx_syscfg.o

.rel.dyn        0x08002528        0x0
 .rel.iplt      0x00000000        0x0 ..\obj\stm32f4xx_syscfg.o

.ARM.extab
 *(.ARM.extab* .gnu.linkonce.armextab.*)
                0x08002528                __exidx_start = .

.ARM.exidx
 *(.ARM.exidx* .gnu.linkonce.armexidx.*)
                0x08002528                __exidx_end = .
                0x08002528                __etext = .
                0x08002528                _sidata = __etext

.data           0x20000000        0x4 load address 0x08002528
                0x20000000                __data_start__ = .
                0x20000000                _sdata = __data_start__
 *(vtable)
 *(.data*)
 .data          0x20000000        0x2 ..\obj\main.o
                0x20000004                . = ALIGN (0x4)
 *fill*         0x20000002        0x2 
                0x20000004                PROVIDE (__preinit_array_start, .)
 *(.preinit_array)
                0x20000004                PROVIDE (__preinit_array_end, .)
                0x20000004                . = ALIGN (0x4)
                0x20000004                PROVIDE (__init_array_start, .)
 *(SORT(.init_array.*))
 *(.init_array)
                0x20000004                PROVIDE (__init_array_end, .)
                0x20000004                . = ALIGN (0x4)
                0x20000004                PROVIDE (__fini_array_start, .)
 *(SORT(.fini_array.*))
 *(.fini_array)
                0x20000004                PROVIDE (__fini_array_end, .)
 *(.jcr*)
                0x20000004                . = ALIGN (0x4)
                0x20000004                __data_end__ = .
                0x20000004                _edata = __data_end__

.igot.plt       0x20000004        0x0 load address 0x0800252c
 .igot.plt      0x00000000        0x0 ..\obj\stm32f4xx_syscfg.o

.bss            0x20000004        0x4 load address 0x0800252c
                0x20000004                . = ALIGN (0x4)
                0x20000004                __bss_start__ = .
                0x20000004                _sbss = __bss_start__
 *(.bss*)
 .bss           0x20000004        0x2 ..\obj\bsp.o
                0x20000004                bsp_count_ms
 *(COMMON)
                0x20000008                . = ALIGN (0x4)
 *fill*         0x20000006        0x2 
                0x20000008                __bss_end__ = .
                0x20000008                _ebss = __bss_end__

.heap           0x20000008        0x0
                0x20000008                __end__ = .
                0x20000008                _end = __end__
                0x20000008                end = __end__
 *(.heap*)
                0x20000008                __HeapLimit = .

.co_stack       0x20000008      0x800 load address 0x08002530
                0x20000008                . = ALIGN (0x8)
 *(.co_stack .co_stack.*)
 .co_stack      0x20000008      0x800 ..\obj\startup_stm32f4xx.o
                0x20000008                pulStack
                0x20010000                __StackTop = (ORIGIN (ram) + 0x10000)
                0x2000f800                __StackLimit = (__StackTop - SIZEOF (.co_stack))
                0x20010000                PROVIDE (__stack, __StackTop)
                0x00000001                ASSERT ((__StackLimit >= __HeapLimit), region ram  overflowed with stack)
LOAD ..\obj\stm32f4xx_syscfg.o
LOAD ..\obj\startup_stm32f4xx.o
LOAD ..\obj\main.o
LOAD ..\obj\stm32f4xx_rcc.o
LOAD ..\obj\stm32f4xx_adc.o
LOAD ..\obj\stm32f4xx_gpio.o
LOAD ..\obj\system_stm32f4xx.o
LOAD ..\obj\syscalls.o
LOAD ..\obj\stm32f4xx_spi.o
LOAD ..\obj\bsp.o
LOAD ..\obj\stm32f4xx_exti.o
LOAD ..\obj\misc.o
LOAD ..\obj\stm32f4xx_tim.o
START GROUP
LOAD c:/program files (x86)/gnu tools arm embedded/4.8 2014q2/bin/../lib/gcc/arm-none-eabi/4.8.4/armv7e-m\libgcc.a
LOAD c:/program files (x86)/gnu tools arm embedded/4.8 2014q2/bin/../lib/gcc/arm-none-eabi/4.8.4/../../../../arm-none-eabi/lib/armv7e-m\libg.a
LOAD c:/program files (x86)/gnu tools arm embedded/4.8 2014q2/bin/../lib/gcc/arm-none-eabi/4.8.4/../../../../arm-none-eabi/lib/armv7e-m\libc.a
END GROUP
OUTPUT(LAB1.elf elf32-littlearm)

.debug_info     0x00000000     0x558f
 .debug_info    0x00000000      0x26c ..\obj\stm32f4xx_syscfg.o
 .debug_info    0x0000026c       0xed ..\obj\startup_stm32f4xx.o
 .debug_info    0x00000359      0x1ae ..\obj\main.o
 .debug_info    0x00000507      0xc4d ..\obj\stm32f4xx_rcc.o
 .debug_info    0x00001154      0xc38 ..\obj\stm32f4xx_adc.o
 .debug_info    0x00001d8c      0x602 ..\obj\stm32f4xx_gpio.o
 .debug_info    0x0000238e      0xd1c ..\obj\bsp.o
 .debug_info    0x000030aa      0x347 ..\obj\stm32f4xx_exti.o
 .debug_info    0x000033f1      0x53d ..\obj\misc.o
 .debug_info    0x0000392e     0x1c61 ..\obj\stm32f4xx_tim.o

.debug_abbrev   0x00000000      0xe68
 .debug_abbrev  0x00000000      0x131 ..\obj\stm32f4xx_syscfg.o
 .debug_abbrev  0x00000131       0xb0 ..\obj\startup_stm32f4xx.o
 .debug_abbrev  0x000001e1       0xe9 ..\obj\main.o
 .debug_abbrev  0x000002ca      0x1e3 ..\obj\stm32f4xx_rcc.o
 .debug_abbrev  0x000004ad      0x196 ..\obj\stm32f4xx_adc.o
 .debug_abbrev  0x00000643      0x1a3 ..\obj\stm32f4xx_gpio.o
 .debug_abbrev  0x000007e6      0x211 ..\obj\bsp.o
 .debug_abbrev  0x000009f7      0x1a5 ..\obj\stm32f4xx_exti.o
 .debug_abbrev  0x00000b9c      0x145 ..\obj\misc.o
 .debug_abbrev  0x00000ce1      0x187 ..\obj\stm32f4xx_tim.o

.debug_aranges  0x00000000      0x820
 .debug_aranges
                0x00000000       0x48 ..\obj\stm32f4xx_syscfg.o
 .debug_aranges
                0x00000048       0x28 ..\obj\startup_stm32f4xx.o
 .debug_aranges
                0x00000070       0x40 ..\obj\main.o
 .debug_aranges
                0x000000b0      0x178 ..\obj\stm32f4xx_rcc.o
 .debug_aranges
                0x00000228      0x148 ..\obj\stm32f4xx_adc.o
 .debug_aranges
                0x00000370       0x88 ..\obj\stm32f4xx_gpio.o
 .debug_aranges
                0x000003f8       0x98 ..\obj\bsp.o
 .debug_aranges
                0x00000490       0x58 ..\obj\stm32f4xx_exti.o
 .debug_aranges
                0x000004e8       0x40 ..\obj\misc.o
 .debug_aranges
                0x00000528      0x2f8 ..\obj\stm32f4xx_tim.o

.debug_ranges   0x00000000      0x780
 .debug_ranges  0x00000000       0x38 ..\obj\stm32f4xx_syscfg.o
 .debug_ranges  0x00000038       0x18 ..\obj\startup_stm32f4xx.o
 .debug_ranges  0x00000050       0x30 ..\obj\main.o
 .debug_ranges  0x00000080      0x168 ..\obj\stm32f4xx_rcc.o
 .debug_ranges  0x000001e8      0x138 ..\obj\stm32f4xx_adc.o
 .debug_ranges  0x00000320       0x78 ..\obj\stm32f4xx_gpio.o
 .debug_ranges  0x00000398       0x88 ..\obj\bsp.o
 .debug_ranges  0x00000420       0x48 ..\obj\stm32f4xx_exti.o
 .debug_ranges  0x00000468       0x30 ..\obj\misc.o
 .debug_ranges  0x00000498      0x2e8 ..\obj\stm32f4xx_tim.o

.debug_line     0x00000000     0x2a22
 .debug_line    0x00000000      0x286 ..\obj\stm32f4xx_syscfg.o
 .debug_line    0x00000286       0xc1 ..\obj\startup_stm32f4xx.o
 .debug_line    0x00000347      0x1da ..\obj\main.o
 .debug_line    0x00000521      0x629 ..\obj\stm32f4xx_rcc.o
 .debug_line    0x00000b4a      0x5e1 ..\obj\stm32f4xx_adc.o
 .debug_line    0x0000112b      0x3ce ..\obj\stm32f4xx_gpio.o
 .debug_line    0x000014f9      0x42d ..\obj\bsp.o
 .debug_line    0x00001926      0x334 ..\obj\stm32f4xx_exti.o
 .debug_line    0x00001c5a      0x2d4 ..\obj\misc.o
 .debug_line    0x00001f2e      0xaf4 ..\obj\stm32f4xx_tim.o

.debug_str      0x00000000     0x2b1f
 .debug_str     0x00000000      0x2b6 ..\obj\stm32f4xx_syscfg.o
                                0x314 (size before relaxing)
 .debug_str     0x000002b6       0xd0 ..\obj\startup_stm32f4xx.o
                                0x167 (size before relaxing)
 .debug_str     0x00000386       0xe0 ..\obj\main.o
                                0x22a (size before relaxing)
 .debug_str     0x00000466      0x6a2 ..\obj\stm32f4xx_rcc.o
                                0x870 (size before relaxing)
 .debug_str     0x00000b08      0x661 ..\obj\stm32f4xx_adc.o
                                0x824 (size before relaxing)
 .debug_str     0x00001169      0x342 ..\obj\stm32f4xx_gpio.o
                                0x4c3 (size before relaxing)
 .debug_str     0x000014ab      0x968 ..\obj\bsp.o
                                0xe2d (size before relaxing)
 .debug_str     0x00001e13      0x120 ..\obj\stm32f4xx_exti.o
                                0x379 (size before relaxing)
 .debug_str     0x00001f33      0x1ce ..\obj\misc.o
                                0x3ee (size before relaxing)
 .debug_str     0x00002101      0xa1e ..\obj\stm32f4xx_tim.o
                                0xdf0 (size before relaxing)

.comment        0x00000000       0x70
 .comment       0x00000000       0x70 ..\obj\stm32f4xx_syscfg.o
                                 0x71 (size before relaxing)
 .comment       0x00000000       0x71 ..\obj\startup_stm32f4xx.o
 .comment       0x00000000       0x71 ..\obj\main.o
 .comment       0x00000000       0x71 ..\obj\stm32f4xx_rcc.o
 .comment       0x00000000       0x71 ..\obj\stm32f4xx_adc.o
 .comment       0x00000000       0x71 ..\obj\stm32f4xx_gpio.o
 .comment       0x00000000       0x71 ..\obj\bsp.o
 .comment       0x00000000       0x71 ..\obj\stm32f4xx_exti.o
 .comment       0x00000000       0x71 ..\obj\misc.o
 .comment       0x00000000       0x71 ..\obj\stm32f4xx_tim.o

.ARM.attributes
                0x00000000       0x33
 .ARM.attributes
                0x00000000       0x33 ..\obj\stm32f4xx_syscfg.o
 .ARM.attributes
                0x00000033       0x33 ..\obj\startup_stm32f4xx.o
 .ARM.attributes
                0x00000066       0x33 ..\obj\main.o
 .ARM.attributes
                0x00000099       0x33 ..\obj\stm32f4xx_rcc.o
 .ARM.attributes
                0x000000cc       0x33 ..\obj\stm32f4xx_adc.o
 .ARM.attributes
                0x000000ff       0x33 ..\obj\stm32f4xx_gpio.o
 .ARM.attributes
                0x00000132       0x33 ..\obj\bsp.o
 .ARM.attributes
                0x00000165       0x33 ..\obj\stm32f4xx_exti.o
 .ARM.attributes
                0x00000198       0x33 ..\obj\misc.o
 .ARM.attributes
                0x000001cb       0x33 ..\obj\stm32f4xx_tim.o
 .ARM.attributes
                0x000001fe       0x1e c:/program files (x86)/gnu tools arm embedded/4.8 2014q2/bin/../lib/gcc/arm-none-eabi/4.8.4/armv7e-m\libgcc.a(_arm_addsubdf3.o)
 .ARM.attributes
                0x0000021c       0x1e c:/program files (x86)/gnu tools arm embedded/4.8 2014q2/bin/../lib/gcc/arm-none-eabi/4.8.4/armv7e-m\libgcc.a(_arm_muldivdf3.o)
 .ARM.attributes
                0x0000023a       0x1e c:/program files (x86)/gnu tools arm embedded/4.8 2014q2/bin/../lib/gcc/arm-none-eabi/4.8.4/armv7e-m\libgcc.a(_arm_truncdfsf2.o)
 .ARM.attributes
                0x00000258       0x1e c:/program files (x86)/gnu tools arm embedded/4.8 2014q2/bin/../lib/gcc/arm-none-eabi/4.8.4/armv7e-m\libgcc.a(_arm_addsubsf3.o)
 .ARM.attributes
                0x00000276       0x1e c:/program files (x86)/gnu tools arm embedded/4.8 2014q2/bin/../lib/gcc/arm-none-eabi/4.8.4/armv7e-m\libgcc.a(_arm_muldivsf3.o)
 .ARM.attributes
                0x00000294       0x1e c:/program files (x86)/gnu tools arm embedded/4.8 2014q2/bin/../lib/gcc/arm-none-eabi/4.8.4/armv7e-m\libgcc.a(_arm_cmpsf2.o)
 .ARM.attributes
                0x000002b2       0x1e c:/program files (x86)/gnu tools arm embedded/4.8 2014q2/bin/../lib/gcc/arm-none-eabi/4.8.4/armv7e-m\libgcc.a(_arm_fixunssfsi.o)

.debug_frame    0x00000000     0x19fc
 .debug_frame   0x00000000       0xbc ..\obj\stm32f4xx_syscfg.o
 .debug_frame   0x000000bc       0x48 ..\obj\startup_stm32f4xx.o
 .debug_frame   0x00000104       0x9c ..\obj\main.o
 .debug_frame   0x000001a0      0x4d8 ..\obj\stm32f4xx_rcc.o
 .debug_frame   0x00000678      0x434 ..\obj\stm32f4xx_adc.o
 .debug_frame   0x00000aac      0x19c ..\obj\stm32f4xx_gpio.o
 .debug_frame   0x00000c48      0x1f0 ..\obj\bsp.o
 .debug_frame   0x00000e38       0xec ..\obj\stm32f4xx_exti.o
 .debug_frame   0x00000f24       0x9c ..\obj\misc.o
 .debug_frame   0x00000fc0      0xa3c ..\obj\stm32f4xx_tim.o
